// Jest Snapshot v1, https://goo.gl/fbAQLP

exports[`Signup snapshot 1`] = `
<div>
  <div>
    <header
      class="header"
    >
      <nav
        class="navbar"
      >
        <div
          class="icons"
        >
          <a
            href="/"
          >
            <h1
              class="title"
            >
               
              header
               
            </h1>
          </a>
          <img
            alt="ES"
            class="icon-language"
            src="/images/languageIcons/es.png"
            title="icon-hover"
          />
          <img
            alt="EN"
            class="icon-language"
            src="/images/languageIcons/en.png"
            title="icon-hover"
          />
        </div>
        <ul>
          <li>
            <a
              class="navbar-list-item"
              href="/create-ad"
            >
              Upload ad
            </a>
            <a
              class="navbar-list-item"
              href="/ads"
            >
              Ads
            </a>
            <a
              class="navbar-list-item"
              href="/login"
            >
              Login
            </a>
            <a
              class="navbar-list-item"
              href="/signup"
            >
              Sign up
            </a>
          </li>
        </ul>
      </nav>
      <hr />
    </header>
    <main
      class="content"
    >
      <h2
        class="layout-title"
      >
        Signup Page
      </h2>
      <div>
        <form
          class="container-form"
        >
          <div
            class="email-label"
          >
            <label
              for="email"
            >
              Email
            </label>
            <input
              class="email-input"
              id="email"
              name="email"
              placeholder="Email"
              type="text"
              value=""
            />
          </div>
          <div
            class="user-label"
          >
            <label
              for="username"
            >
              Username
            </label>
            <input
              class="user-input"
              id="username"
              name="username"
              placeholder="Username"
              type="text"
              value=""
            />
          </div>
          <div
            class="password-label"
          >
            <label
              for="password"
            >
              Password
            </label>
            <input
              class="password-input"
              id="password"
              name="password"
              placeholder="Password"
              type="password"
              value=""
            />
          </div>
          <button
            data-testid="button"
            disabled=""
            type="submit"
            width="button-form"
          >
            Register-button-title
          </button>
        </form>
      </div>
    </main>
    <footer>
      <hr />
      <div
        class="footer"
      >
        <p>
          footer
        </p>
      </div>
    </footer>
  </div>
</div>
`;
