// Jest Snapshot v1, https://goo.gl/fbAQLP

exports[`AdNew snapshot 1`] = `
<div>
  <div>
    <header
      class="header"
    >
      <nav
        class="navbar"
      >
        <div
          class="icons"
        >
          <a
            href="/"
          >
            <h1
              class="title"
            >
               
              header
               
            </h1>
          </a>
          <img
            alt="ES"
            class="icon-language"
            src="/images/languageIcons/es.png"
            title="icon-hover"
          />
          <img
            alt="EN"
            class="icon-language"
            src="/images/languageIcons/en.png"
            title="icon-hover"
          />
        </div>
        <ul>
          <li>
            <a
              class="navbar-list-item"
              href="/create-ad"
            >
              Upload ad
            </a>
            <a
              class="navbar-list-item"
              href="/ads"
            >
              Ads
            </a>
            <button
              class="navbar-list-item"
            >
              Logout
            </button>
          </li>
        </ul>
      </nav>
      <hr />
    </header>
    <main
      class="content"
    >
      <h2
        class="layout-title"
      >
        Create an ad
      </h2>
      <form
        class="container-form-creation"
        enctype="multipart/form-data"
      >
        <div
          class="form-group-creation"
        >
          <label
            class="password-label-creation"
            for="adname"
          >
            Article
          </label>
          <input
            class="password-input-creation"
            id="adname"
            name="name"
            placeholder="Name"
            type="text"
            value=""
          />
        </div>
        <div
          class="input-checked"
        >
          <div>
            <label
              class="checked-label-creation"
              for="onsale"
            >
              Sell
            </label>
            <input
              class="checked-input-creation"
              id="onsale"
              name="onSale"
              type="radio"
              value="true"
            />
          </div>
          <div>
            <label
              class="checked-label-creation"
              for="onsale"
            >
              Buy
            </label>
            <input
              class="checked-input-creation"
              id="onsale"
              name="onSale"
              type="radio"
              value="false"
            />
          </div>
        </div>
        <div
          class="form-group-creation"
        >
          <label
            class="password-label-creation"
            for="price"
          >
            Price
          </label>
          <input
            class="password-input-creation"
            id="price"
            name="price"
            placeholder="Price"
            type="number"
            value=""
          />
        </div>
        <div
          class="form-group-creation"
        >
          <label
            class="password-label-creation"
            for="category"
          >
            Category
          </label>
          <input
            class="password-input-creation"
            id="category"
            name="category"
            placeholder="Category"
            type="text"
            value=""
          />
        </div>
        <div
          class="form-group-creation"
        >
          <label
            class="password-label-creation"
            for="description"
          >
            Description
          </label>
          <input
            class="password-input-creation"
            id="description"
            name="description"
            placeholder="Description"
            type="text"
            value=""
          />
        </div>
        <div
          class="form-group-creation"
        >
          <label
            class="password-label-creation"
            for="status"
          >
            Status
          </label>
          <input
            class="password-input-creation"
            id="status"
            name="status"
            placeholder="Status"
            type="text"
            value=""
          />
        </div>
        <div
          class="form-group-creation"
        >
          <label
            class="password-label-creation"
            for="coin"
          >
            Coin
          </label>
          <input
            class="password-input-creation"
            id="coin"
            name="coin"
            placeholder="Coin"
            type="text"
            value=""
          />
        </div>
        <div
          class="form-group-creation"
        >
          <label
            class="password-label-creation"
            for="img"
          >
            Image
          </label>
          <input
            accept="image/*"
            class="img-input-creation"
            id="img"
            name="image"
            type="file"
            value=""
          />
        </div>
        <button
          class="sc-beqWaB dAsVMc"
          data-testid="buttonAdNew"
          disabled=""
          type="submit"
          width="button-form"
        >
          Create
        </button>
      </form>
    </main>
    <footer>
      <hr />
      <div
        class="footer"
      >
        <p>
          footer
        </p>
      </div>
    </footer>
  </div>
</div>
`;
